// Jest Snapshot v1, https://goo.gl/fbAQLP

exports[`examples/with-components should render content of Footer Component 1`] = `" This is my <b data-abell-cybowg>Footer</b> nice Test JSON Import Pass"`;

exports[`examples/with-components should render content of Nav Component 1`] = `" This is my Navbar 13 "`;

exports[`examples/with-components should render main content 1`] = `"Content"`;
