// Jest Snapshot v1, https://goo.gl/fbAQLP

exports[`examples/with-components should render content of Footer Component 1`] = `
" 
    This is my <b>Footer</b> nice Test JSON Import Pass
    <div><button data-abell-coberm>Button Test</button></div>
  "
`;

exports[`examples/with-components should render content of Nav Component 1`] = `" This is my Navbar 13 "`;

exports[`examples/with-components should render main content 1`] = `"Content"`;
